[32mActivated conda/uv virtual environment at [36m/venv/main[0m
=== generate_summaries.py (pid 3279) finished at 2026-09-17T09:12:28+00:00 ===
=== training seed 0 (fast path: single seed, reconstructed defaults) 2026-09-17T09:12:28+00:00 ===
Loading weights:   0%|          | 0/399 [00:00<?, ?it/s]Loading weights: 100%|██████████| 399/399 [00:00<00:00, 7152.68it/s]
Loading weights:   0%|          | 0/198 [00:00<?, ?it/s]Loading weights: 100%|██████████| 198/198 [00:00<00:00, 2772.31it/s]
[transformers] [1mDebertaV2Model LOAD REPORT[0m from: microsoft/deberta-v3-base
Key                                     | Status     |  | 
----------------------------------------+------------+--+-
mask_predictions.LayerNorm.bias         | UNEXPECTED |  | 
lm_predictions.lm_head.dense.bias       | UNEXPECTED |  | 
mask_predictions.LayerNorm.weight       | UNEXPECTED |  | 
lm_predictions.lm_head.bias             | UNEXPECTED |  | 
mask_predictions.classifier.weight      | UNEXPECTED |  | 
lm_predictions.lm_head.LayerNorm.weight | UNEXPECTED |  | 
mask_predictions.classifier.bias        | UNEXPECTED |  | 
lm_predictions.lm_head.LayerNorm.bias   | UNEXPECTED |  | 
lm_predictions.lm_head.dense.weight     | UNEXPECTED |  | 
mask_predictions.dense.bias             | UNEXPECTED |  | 
mask_predictions.dense.weight           | UNEXPECTED |  | 

Notes:
- UNEXPECTED:	can be ignored when loading from different task/architecture; not ok if you expect identical arch.
node summaries: 35747 nodes needed, 35747 cached
metapath summaries: 119829 requests, 119829 cached
[dgp_amazonvideo_seed0] seed 0
Loading weights:   0%|          | 0/399 [00:00<?, ?it/s]Loading weights: 100%|██████████| 399/399 [00:00<00:00, 6049.94it/s]
[transformers] `use_cache=True` is incompatible with gradient checkpointing. Setting `use_cache=False`.
{
  "n_seeds": 1,
  "macro_f1_mean": 65.70310764867682,
  "macro_f1_std": 0.0,
  "auroc_mean": 75.12673167711479,
  "auroc_std": 0.0,
  "auprc_mean": 32.784295879700984,
  "auprc_std": 0.0,
  "macro_f1_at_0.5_mean": 54.2573104573722,
  "macro_f1_at_0.5_std": 0.0
}
=== evaluate 2026-09-17T10:20:20+00:00 ===
main        1 experiment(s)
budget      0 experiment(s)
task_aware  0 experiment(s)
ablation    0 experiment(s)
debug       0 experiment(s)
=== compare with paper 2026-09-17T10:20:21+00:00 ===
{'NO_RESULT': 29, 'CLOSE': 2, 'DEVIATES': 1}
=== CHAIN COMPLETE 2026-09-17T10:20:22+00:00 ===
