Loading weights:   0%|          | 0/399 [00:00<?, ?it/s]Loading weights: 100%|██████████| 399/399 [00:00<00:00, 7261.56it/s]
Loading weights:   0%|          | 0/198 [00:00<?, ?it/s]Loading weights: 100%|██████████| 198/198 [00:00<00:00, 3002.41it/s]
[transformers] [1mDebertaV2Model LOAD REPORT[0m from: microsoft/deberta-v3-base
Key                                     | Status     |  | 
----------------------------------------+------------+--+-
lm_predictions.lm_head.dense.weight     | UNEXPECTED |  | 
mask_predictions.classifier.weight      | UNEXPECTED |  | 
lm_predictions.lm_head.LayerNorm.bias   | UNEXPECTED |  | 
mask_predictions.dense.weight           | UNEXPECTED |  | 
mask_predictions.classifier.bias        | UNEXPECTED |  | 
lm_predictions.lm_head.dense.bias       | UNEXPECTED |  | 
mask_predictions.LayerNorm.bias         | UNEXPECTED |  | 
mask_predictions.dense.bias             | UNEXPECTED |  | 
lm_predictions.lm_head.bias             | UNEXPECTED |  | 
mask_predictions.LayerNorm.weight       | UNEXPECTED |  | 
lm_predictions.lm_head.LayerNorm.weight | UNEXPECTED |  | 

Notes:
- UNEXPECTED:	can be ignored when loading from different task/architecture; not ok if you expect identical arch.
node summaries: 35747 nodes needed, 35747 cached
metapath summaries: 119829 requests, 119829 cached
[dgp_amazonvideo_seed0] seed 1
Loading weights:   0%|          | 0/399 [00:00<?, ?it/s]Loading weights: 100%|██████████| 399/399 [00:00<00:00, 7137.03it/s]
[transformers] `use_cache=True` is incompatible with gradient checkpointing. Setting `use_cache=False`.
{
  "n_seeds": 1,
  "macro_f1_mean": 64.90374397351142,
  "macro_f1_std": 0.0,
  "auroc_mean": 75.54252069575962,
  "auroc_std": 0.0,
  "auprc_mean": 32.46834173464848,
  "auprc_std": 0.0,
  "macro_f1_at_0.5_mean": 47.09198282032928,
  "macro_f1_at_0.5_std": 0.0
}
